#-----------------------------------------------------------
# Vivado v2015.4 (64-bit)
# SW Build 1412921 on Wed Nov 18 09:43:45 MST 2015
# IP Build 1412160 on Tue Nov 17 13:47:24 MST 2015
# Start of session at: Thu Apr 21 07:15:42 2016
# Process ID: 76000
# Current directory: C:/Users/Ben/Desktop/HardwareProject2/ALU_and_ADDER
# Command line: vivado.exe -gui_launcher_event rodinguilauncherevent63668 C:\Users\Ben\Desktop\HardwareProject2\ALU_and_ADDER\ALU_and_ADDER.xpr
# Log file: C:/Users/Ben/Desktop/HardwareProject2/ALU_and_ADDER/vivado.log
# Journal file: C:/Users/Ben/Desktop/HardwareProject2/ALU_and_ADDER\vivado.jou
#-----------------------------------------------------------
start_gui
open_project C:/Users/Ben/Desktop/HardwareProject2/ALU_and_ADDER/ALU_and_ADDER.xpr
# Disabling source management mode.  This is to allow the top design properties to be set without GUI intervention.
set_property source_mgmt_mode None [current_project]
set_property top TEST_TOP_LEVEL [get_filesets sim_1]
set_property top_lib xil_defaultlib [get_filesets sim_1]
# Re-enabling previously disabled source management mode.
set_property source_mgmt_mode All [current_project]
update_compile_order -fileset sim_1
launch_simulation
source TEST_TOP_LEVEL.tcl
close_sim
# Disabling source management mode.  This is to allow the top design properties to be set without GUI intervention.
set_property source_mgmt_mode None [current_project]
set_property top TEST_ALU [get_filesets sim_1]
set_property top_lib xil_defaultlib [get_filesets sim_1]
set_property top_arch MY_TEST [get_filesets sim_1]
set_property top_file C:/Users/Ben/Desktop/HardwareProject2/ALU_and_ADDER/ALU_and_ADDER.srcs/sim_1/imports/HardwareProject2/Update_and_code/alu_tb.vhd [get_filesets sim_1]
# Re-enabling previously disabled source management mode.
set_property source_mgmt_mode All [current_project]
update_compile_order -fileset sim_1
launch_simulation
source TEST_ALU.tcl
close_sim
# Disabling source management mode.  This is to allow the top design properties to be set without GUI intervention.
set_property source_mgmt_mode None [current_project]
set_property top_file C:/Users/Ben/Desktop/HardwareProject2/ALU_and_ADDER/ALU_and_ADDER.srcs/sim_1/imports/HardwareProject2/project_tutorial/project_tutorial.srcs/sim_1/new/alu_tb.vhd [get_filesets sim_1]
# Re-enabling previously disabled source management mode.
set_property source_mgmt_mode All [current_project]
update_compile_order -fileset sim_1
launch_simulation
launch_simulation
remove_files -fileset sim_1 C:/Users/Ben/Desktop/HardwareProject2/ALU_and_ADDER/ALU_and_ADDER.srcs/sim_1/imports/HardwareProject2/project_tutorial/project_tutorial.srcs/sim_1/new/alu_tb.vhd
update_compile_order -fileset sim_1
# Disabling source management mode.  This is to allow the top design properties to be set without GUI intervention.
set_property source_mgmt_mode None [current_project]
set_property top thirtytwobit_adder [get_filesets sim_1]
set_property top_lib xil_defaultlib [get_filesets sim_1]
set_property top_arch MY_STRUCTURE [get_filesets sim_1]
set_property top_file C:/Users/Ben/Desktop/HardwareProject2/ALU_and_ADDER/ALU_and_ADDER.srcs/sources_1/imports/HardwareProject2/project_tutorial/project_tutorial.srcs/sim_1/new/32bit_adder.vhd [get_filesets sim_1]
# Re-enabling previously disabled source management mode.
set_property source_mgmt_mode All [current_project]
update_compile_order -fileset sim_1
launch_simulation
source thirtytwobit_adder.tcl
close_sim
remove_files C:/Users/Ben/Desktop/HardwareProject2/ALU_and_ADDER/ALU_and_ADDER.srcs/sources_1/imports/HardwareProject2/project_tutorial/project_tutorial.srcs/sim_1/new/32bit_adder.vhd
update_compile_order -fileset sources_1
update_compile_order -fileset sources_1
update_compile_order -fileset sources_1
